../App/Middle/GUI/GUI.c:26:6:GUI_DrawPoint	16	static
../App/Middle/GUI/GUI.c:43:6:LCD_Fill	32	static
../App/Middle/GUI/GUI.c:67:6:LCD_DrawLine	64	static
../App/Middle/GUI/GUI.c:113:6:LCD_DrawRectangle	24	static
../App/Middle/GUI/GUI.c:132:6:LCD_DrawFillRectangle	32	static
../App/Middle/GUI/GUI.c:148:6:_draw_circle_8	24	static
../App/Middle/GUI/GUI.c:177:6:gui_circle	48	static
../App/Middle/GUI/GUI.c:227:6:Draw_Triangel	24	static
../App/Middle/GUI/GUI.c:234:13:_swap	24	static
../App/Middle/GUI/GUI.c:254:6:Fill_Triangel	72	static
../App/Middle/GUI/GUI.c:351:6:LCD_ShowTitle	40	static
../App/Middle/GUI/GUI.c:369:5:LCD_ShowOption	48	static
../App/Middle/GUI/GUI.c:391:6:LCD_ShowChar	32	static
../App/Middle/GUI/GUI.c:443:6:LCD_ShowString	48	static
../App/Middle/GUI/GUI.c:463:5:mypow	24	static
../App/Middle/GUI/GUI.c:481:6:LCD_ShowNum	56	static
../App/Middle/GUI/GUI.c:513:6:GUI_DrawFont16	32	static
../App/Middle/GUI/GUI.c:572:6:GUI_DrawFont24	32	static
../App/Middle/GUI/GUI.c:628:6:GUI_DrawFont32	32	static
../App/Middle/GUI/GUI.c:684:6:Show_Str	48	static
../App/Middle/GUI/GUI.c:750:6:Gui_StrCenter	48	static
../App/Middle/GUI/GUI.c:766:6:Gui_Drawbmp16	24	static
../App/Middle/GUI/GUI.c:780:6:showimage	48	static
