Archive member included to satisfy reference by file (symbol)

c:/st/stm32cubeide_1.10.1/stm32cubeide/plugins/com.st.stm32cube.ide.mcu.externaltools.gnu-tools-for-stm32.10.3-2021.10.win32_1.0.0.202111181127/tools/bin/../lib/gcc/arm-none-eabi/10.3.1/../../../../arm-none-eabi/lib/thumb/v7e-m+fp/hard\libc_nano.a(lib_a-errno.o)
                              ./Src/syscalls.o (__errno)
c:/st/stm32cubeide_1.10.1/stm32cubeide/plugins/com.st.stm32cube.ide.mcu.externaltools.gnu-tools-for-stm32.10.3-2021.10.win32_1.0.0.202111181127/tools/bin/../lib/gcc/arm-none-eabi/10.3.1/../../../../arm-none-eabi/lib/thumb/v7e-m+fp/hard\libc_nano.a(lib_a-exit.o)
                              c:/st/stm32cubeide_1.10.1/stm32cubeide/plugins/com.st.stm32cube.ide.mcu.externaltools.gnu-tools-for-stm32.10.3-2021.10.win32_1.0.0.202111181127/tools/bin/../lib/gcc/arm-none-eabi/10.3.1/../../../../arm-none-eabi/lib/thumb/v7e-m+fp/hard/crt0.o (exit)
c:/st/stm32cubeide_1.10.1/stm32cubeide/plugins/com.st.stm32cube.ide.mcu.externaltools.gnu-tools-for-stm32.10.3-2021.10.win32_1.0.0.202111181127/tools/bin/../lib/gcc/arm-none-eabi/10.3.1/../../../../arm-none-eabi/lib/thumb/v7e-m+fp/hard\libc_nano.a(lib_a-impure.o)
                              c:/st/stm32cubeide_1.10.1/stm32cubeide/plugins/com.st.stm32cube.ide.mcu.externaltools.gnu-tools-for-stm32.10.3-2021.10.win32_1.0.0.202111181127/tools/bin/../lib/gcc/arm-none-eabi/10.3.1/../../../../arm-none-eabi/lib/thumb/v7e-m+fp/hard\libc_nano.a(lib_a-exit.o) (_global_impure_ptr)
c:/st/stm32cubeide_1.10.1/stm32cubeide/plugins/com.st.stm32cube.ide.mcu.externaltools.gnu-tools-for-stm32.10.3-2021.10.win32_1.0.0.202111181127/tools/bin/../lib/gcc/arm-none-eabi/10.3.1/../../../../arm-none-eabi/lib/thumb/v7e-m+fp/hard\libc_nano.a(lib_a-init.o)
                              c:/st/stm32cubeide_1.10.1/stm32cubeide/plugins/com.st.stm32cube.ide.mcu.externaltools.gnu-tools-for-stm32.10.3-2021.10.win32_1.0.0.202111181127/tools/bin/../lib/gcc/arm-none-eabi/10.3.1/../../../../arm-none-eabi/lib/thumb/v7e-m+fp/hard/crt0.o (__libc_init_array)
c:/st/stm32cubeide_1.10.1/stm32cubeide/plugins/com.st.stm32cube.ide.mcu.externaltools.gnu-tools-for-stm32.10.3-2021.10.win32_1.0.0.202111181127/tools/bin/../lib/gcc/arm-none-eabi/10.3.1/../../../../arm-none-eabi/lib/thumb/v7e-m+fp/hard\libc_nano.a(lib_a-memcpy-stub.o)
                              ./App/Middle/qr-code/qrcode.o (memcpy)
c:/st/stm32cubeide_1.10.1/stm32cubeide/plugins/com.st.stm32cube.ide.mcu.externaltools.gnu-tools-for-stm32.10.3-2021.10.win32_1.0.0.202111181127/tools/bin/../lib/gcc/arm-none-eabi/10.3.1/../../../../arm-none-eabi/lib/thumb/v7e-m+fp/hard\libc_nano.a(lib_a-memset.o)
                              c:/st/stm32cubeide_1.10.1/stm32cubeide/plugins/com.st.stm32cube.ide.mcu.externaltools.gnu-tools-for-stm32.10.3-2021.10.win32_1.0.0.202111181127/tools/bin/../lib/gcc/arm-none-eabi/10.3.1/../../../../arm-none-eabi/lib/thumb/v7e-m+fp/hard/crt0.o (memset)
c:/st/stm32cubeide_1.10.1/stm32cubeide/plugins/com.st.stm32cube.ide.mcu.externaltools.gnu-tools-for-stm32.10.3-2021.10.win32_1.0.0.202111181127/tools/bin/../lib/gcc/arm-none-eabi/10.3.1/../../../../arm-none-eabi/lib/thumb/v7e-m+fp/hard\libc_nano.a(lib_a-strcat.o)
                              ./Src/main.o (strcat)
c:/st/stm32cubeide_1.10.1/stm32cubeide/plugins/com.st.stm32cube.ide.mcu.externaltools.gnu-tools-for-stm32.10.3-2021.10.win32_1.0.0.202111181127/tools/bin/../lib/gcc/arm-none-eabi/10.3.1/../../../../arm-none-eabi/lib/thumb/v7e-m+fp/hard\libc_nano.a(lib_a-strcmp.o)
                              ./Src/main.o (strcmp)
c:/st/stm32cubeide_1.10.1/stm32cubeide/plugins/com.st.stm32cube.ide.mcu.externaltools.gnu-tools-for-stm32.10.3-2021.10.win32_1.0.0.202111181127/tools/bin/../lib/gcc/arm-none-eabi/10.3.1/../../../../arm-none-eabi/lib/thumb/v7e-m+fp/hard\libc_nano.a(lib_a-strcpy.o)
                              ./Src/main.o (strcpy)
c:/st/stm32cubeide_1.10.1/stm32cubeide/plugins/com.st.stm32cube.ide.mcu.externaltools.gnu-tools-for-stm32.10.3-2021.10.win32_1.0.0.202111181127/tools/bin/../lib/gcc/arm-none-eabi/10.3.1/../../../../arm-none-eabi/lib/thumb/v7e-m+fp/hard\libc_nano.a(lib_a-strlen.o)
                              ./App/Middle/GUI/GUI.o (strlen)

Discarded input sections

 .text          0x0000000000000000        0x0 c:/st/stm32cubeide_1.10.1/stm32cubeide/plugins/com.st.stm32cube.ide.mcu.externaltools.gnu-tools-for-stm32.10.3-2021.10.win32_1.0.0.202111181127/tools/bin/../lib/gcc/arm-none-eabi/10.3.1/thumb/v7e-m+fp/hard/crti.o
 .data          0x0000000000000000        0x0 c:/st/stm32cubeide_1.10.1/stm32cubeide/plugins/com.st.stm32cube.ide.mcu.externaltools.gnu-tools-for-stm32.10.3-2021.10.win32_1.0.0.202111181127/tools/bin/../lib/gcc/arm-none-eabi/10.3.1/thumb/v7e-m+fp/hard/crti.o
[...]
Memory Configuration

Name             Origin             Length             Attributes
RAM              0x0000000020000000 0x0000000000018000 xrw
FLASH            0x0000000008000000 0x0000000000080000 xr
*default*        0x0000000000000000 0xffffffffffffffff

Linker script and memory map

LOAD c:/st/stm32cubeide_1.10.1/stm32cubeide/plugins/com.st.stm32cube.ide.mcu.externaltools.gnu-tools-for-stm32.10.3-2021.10.win32_1.0.0.202111181127/tools/bin/../lib/gcc/arm-none-eabi/10.3.1/thumb/v7e-m+fp/hard/crti.o
LOAD c:/st/stm32cubeide_1.10.1/stm32cubeide/plugins/com.st.stm32cube.ide.mcu.externaltools.gnu-tools-for-stm32.10.3-2021.10.win32_1.0.0.202111181127/tools/bin/../lib/gcc/arm-none-eabi/10.3.1/thumb/v7e-m+fp/hard/crtbegin.o
LOAD c:/st/stm32cubeide_1.10.1/stm32cubeide/plugins/com.st.stm32cube.ide.mcu.externaltools.gnu-tools-for-stm32.10.3-2021.10.win32_1.0.0.202111181127/tools/bin/../lib/gcc/arm-none-eabi/10.3.1/../../../../arm-none-eabi/lib/thumb/v7e-m+fp/hard/crt0.o
LOAD ./App/Driver/CMSIS/Source/system_stm32f4xx.o
LOAD ./App/Driver/STM32F401RE_StdPeriph_Driver/src/misc.o
LOAD ./App/Driver/STM32F401RE_StdPeriph_Driver/src/stm32f401re_adc.o
LOAD ./App/Driver/STM32F401RE_StdPeriph_Driver/src/stm32f401re_dma.o
LOAD ./App/Driver/STM32F401RE_StdPeriph_Driver/src/stm32f401re_exti.o
LOAD ./App/Driver/STM32F401RE_StdPeriph_Driver/src/stm32f401re_gpio.o
LOAD ./App/Driver/STM32F401RE_StdPeriph_Driver/src/stm32f401re_i2c.o
LOAD ./App/Driver/STM32F401RE_StdPeriph_Driver/src/stm32f401re_rcc.o
LOAD ./App/Driver/STM32F401RE_StdPeriph_Driver/src/stm32f401re_spi.o
LOAD ./App/Driver/STM32F401RE_StdPeriph_Driver/src/stm32f401re_syscfg.o
LOAD ./App/Driver/STM32F401RE_StdPeriph_Driver/src/stm32f401re_tim.o
LOAD ./App/Driver/STM32F401RE_StdPeriph_Driver/src/stm32f401re_usart.o
LOAD ./App/Middle/GUI/GUI.o
LOAD ./App/Middle/LCD/lcd.o
LOAD ./App/Middle/SPI/SPI.o
LOAD ./App/Middle/Utilities/buff.o
LOAD ./App/Middle/Utilities/utilities.o
LOAD ./App/Middle/button/button-v1-1.o
LOAD ./App/Middle/menu/menu.o
LOAD ./App/Middle/qr-code/qrcode.o
LOAD ./App/Middle/qr-code-to-lcd/qrcode-to-lcd.o
LOAD ./App/Middle/rtos/eventman.o
LOAD ./App/Middle/rtos/timer.o
LOAD ./App/Middle/serial-uart/serial-uart.o
LOAD ./App/SYSTEM/delay/delay.o
LOAD ./App/SYSTEM/sys/sys.o
LOAD ./Src/main.o
LOAD ./Src/syscalls.o
LOAD ./Src/sysmem.o
LOAD ./Startup/startup_stm32f401retx.o
START GROUP
LOAD c:/st/stm32cubeide_1.10.1/stm32cubeide/plugins/com.st.stm32cube.ide.mcu.externaltools.gnu-tools-for-stm32.10.3-2021.10.win32_1.0.0.202111181127/tools/bin/../lib/gcc/arm-none-eabi/10.3.1/../../../../arm-none-eabi/lib/thumb/v7e-m+fp/hard\libc_nano.a
LOAD c:/st/stm32cubeide_1.10.1/stm32cubeide/plugins/com.st.stm32cube.ide.mcu.externaltools.gnu-tools-for-stm32.10.3-2021.10.win32_1.0.0.202111181127/tools/bin/../lib/gcc/arm-none-eabi/10.3.1/../../../../arm-none-eabi/lib/thumb/v7e-m+fp/hard\libm.a
END GROUP
START GROUP
LOAD c:/st/stm32cubeide_1.10.1/stm32cubeide/plugins/com.st.stm32cube.ide.mcu.externaltools.gnu-tools-for-stm32.10.3-2021.10.win32_1.0.0.202111181127/tools/bin/../lib/gcc/arm-none-eabi/10.3.1/thumb/v7e-m+fp/hard\libgcc.a
LOAD c:/st/stm32cubeide_1.10.1/stm32cubeide/plugins/com.st.stm32cube.ide.mcu.externaltools.gnu-tools-for-stm32.10.3-2021.10.win32_1.0.0.202111181127/tools/bin/../lib/gcc/arm-none-eabi/10.3.1/../../../../arm-none-eabi/lib/thumb/v7e-m+fp/hard\libc_nano.a
END GROUP
START GROUP
LOAD c:/st/stm32cubeide_1.10.1/stm32cubeide/plugins/com.st.stm32cube.ide.mcu.externaltools.gnu-tools-for-stm32.10.3-2021.10.win32_1.0.0.202111181127/tools/bin/../lib/gcc/arm-none-eabi/10.3.1/thumb/v7e-m+fp/hard\libgcc.a
LOAD c:/st/stm32cubeide_1.10.1/stm32cubeide/plugins/com.st.stm32cube.ide.mcu.externaltools.gnu-tools-for-stm32.10.3-2021.10.win32_1.0.0.202111181127/tools/bin/../lib/gcc/arm-none-eabi/10.3.1/../../../../arm-none-eabi/lib/thumb/v7e-m+fp/hard\libc_nano.a
LOAD c:/st/stm32cubeide_1.10.1/stm32cubeide/plugins/com.st.stm32cube.ide.mcu.externaltools.gnu-tools-for-stm32.10.3-2021.10.win32_1.0.0.202111181127/tools/bin/../lib/gcc/arm-none-eabi/10.3.1/../../../../arm-none-eabi/lib/thumb/v7e-m+fp/hard\libnosys.a
END GROUP
START GROUP
LOAD c:/st/stm32cubeide_1.10.1/stm32cubeide/plugins/com.st.stm32cube.ide.mcu.externaltools.gnu-tools-for-stm32.10.3-2021.10.win32_1.0.0.202111181127/tools/bin/../lib/gcc/arm-none-eabi/10.3.1/thumb/v7e-m+fp/hard\libgcc.a
LOAD c:/st/stm32cubeide_1.10.1/stm32cubeide/plugins/com.st.stm32cube.ide.mcu.externaltools.gnu-tools-for-stm32.10.3-2021.10.win32_1.0.0.202111181127/tools/bin/../lib/gcc/arm-none-eabi/10.3.1/../../../../arm-none-eabi/lib/thumb/v7e-m+fp/hard\libc_nano.a
LOAD c:/st/stm32cubeide_1.10.1/stm32cubeide/plugins/com.st.stm32cube.ide.mcu.externaltools.gnu-tools-for-stm32.10.3-2021.10.win32_1.0.0.202111181127/tools/bin/../lib/gcc/arm-none-eabi/10.3.1/../../../../arm-none-eabi/lib/thumb/v7e-m+fp/hard\libnosys.a
END GROUP
LOAD c:/st/stm32cubeide_1.10.1/stm32cubeide/plugins/com.st.stm32cube.ide.mcu.externaltools.gnu-tools-for-stm32.10.3-2021.10.win32_1.0.0.202111181127/tools/bin/../lib/gcc/arm-none-eabi/10.3.1/thumb/v7e-m+fp/hard/crtend.o
LOAD c:/st/stm32cubeide_1.10.1/stm32cubeide/plugins/com.st.stm32cube.ide.mcu.externaltools.gnu-tools-for-stm32.10.3-2021.10.win32_1.0.0.202111181127/tools/bin/../lib/gcc/arm-none-eabi/10.3.1/thumb/v7e-m+fp/hard/crtn.o
                0x0000000020018000                _estack = (ORIGIN (RAM) + LENGTH (RAM))
                0x0000000000000200                _Min_Heap_Size = 0x200
                0x0000000000000400                _Min_Stack_Size = 0x400

.isr_vector     0x0000000008000000      0x194
                0x0000000008000000                . = ALIGN (0x4)
 *(.isr_vector)
 .isr_vector    0x0000000008000000      0x194 ./Startup/startup_stm32f401retx.o
                0x0000000008000000                g_pfnVectors
                0x0000000008000194                . = ALIGN (0x4)

.text           0x0000000008000194     0x67b4
                0x0000000008000194                . = ALIGN (0x4)
 *(.text)
 .text          0x0000000008000194       0x40 c:/st/stm32cubeide_1.10.1/stm32cubeide/plugins/com.st.stm32cube.ide.mcu.externaltools.gnu-tools-for-stm32.10.3-2021.10.win32_1.0.0.202111181127/tools/bin/../lib/gcc/arm-none-eabi/10.3.1/thumb/v7e-m+fp/hard/crtbegin.o
 .text          0x00000000080001d4       0x14 c:/st/stm32cubeide_1.10.1/stm32cubeide/plugins/com.st.stm32cube.ide.mcu.externaltools.gnu-tools-for-stm32.10.3-2021.10.win32_1.0.0.202111181127/tools/bin/../lib/gcc/arm-none-eabi/10.3.1/../../../../arm-none-eabi/lib/thumb/v7e-m+fp/hard\libc_nano.a(lib_a-strcmp.o)
                0x00000000080001d4                strcmp
 .text          0x00000000080001e8       0x10 c:/st/stm32cubeide_1.10.1/stm32cubeide/plugins/com.st.stm32cube.ide.mcu.externaltools.gnu-tools-for-stm32.10.3-2021.10.win32_1.0.0.202111181127/tools/bin/../lib/gcc/arm-none-eabi/10.3.1/../../../../arm-none-eabi/lib/thumb/v7e-m+fp/hard\libc_nano.a(lib_a-strlen.o)
                0x00000000080001e8                strlen
 *(.text*)
 .text.SystemInit
                0x00000000080001f8       0x6c ./App/Driver/CMSIS/Source/system_stm32f4xx.o
                0x00000000080001f8                SystemInit
 .text.SystemCoreClockUpdate
                0x0000000008000264      0x104 ./App/Driver/CMSIS/Source/system_stm32f4xx.o
                0x0000000008000264                SystemCoreClockUpdate
 .text.SetSysClock
                0x0000000008000368       0xa4 ./App/Driver/CMSIS/Source/system_stm32f4xx.o
 .text.NVIC_Init
                0x000000000800040c       0xc4 ./App/Driver/STM32F401RE_StdPeriph_Driver/src/misc.o
                0x000000000800040c                NVIC_Init
 .text.GPIO_Init
                0x00000000080004d0      0x11e ./App/Driver/STM32F401RE_StdPeriph_Driver/src/stm32f401re_gpio.o
                0x00000000080004d0                GPIO_Init
 .text.GPIO_ReadInputDataBit
                0x00000000080005ee       0x34 ./App/Driver/STM32F401RE_StdPeriph_Driver/src/stm32f401re_gpio.o
                0x00000000080005ee                GPIO_ReadInputDataBit
 .text.GPIO_PinAFConfig
                0x0000000008000622       0x92 ./App/Driver/STM32F401RE_StdPeriph_Driver/src/stm32f401re_gpio.o
                0x0000000008000622                GPIO_PinAFConfig
 .text.RCC_GetClocksFreq
                0x00000000080006b4      0x15c ./App/Driver/STM32F401RE_StdPeriph_Driver/src/stm32f401re_rcc.o
                0x00000000080006b4                RCC_GetClocksFreq
 .text.RCC_AHB1PeriphClockCmd
                0x0000000008000810       0x40 ./App/Driver/STM32F401RE_StdPeriph_Driver/src/stm32f401re_rcc.o
                0x0000000008000810                RCC_AHB1PeriphClockCmd
 .text.RCC_APB2PeriphClockCmd
                0x0000000008000850       0x40 ./App/Driver/STM32F401RE_StdPeriph_Driver/src/stm32f401re_rcc.o
                0x0000000008000850                RCC_APB2PeriphClockCmd
 .text.RCC_APB2PeriphResetCmd
                0x0000000008000890       0x40 ./App/Driver/STM32F401RE_StdPeriph_Driver/src/stm32f401re_rcc.o
                0x0000000008000890                RCC_APB2PeriphResetCmd
 .text.SPI_Init
                0x00000000080008d0       0x88 ./App/Driver/STM32F401RE_StdPeriph_Driver/src/stm32f401re_spi.o
                0x00000000080008d0                SPI_Init
 .text.SPI_Cmd  0x0000000008000958       0x40 ./App/Driver/STM32F401RE_StdPeriph_Driver/src/stm32f401re_spi.o
                0x0000000008000958                SPI_Cmd
 .text.USART_Init
                0x0000000008000998      0x174 ./App/Driver/STM32F401RE_StdPeriph_Driver/src/stm32f401re_usart.o
                0x0000000008000998                USART_Init
 .text.USART_Cmd
                0x0000000008000b0c       0x40 ./App/Driver/STM32F401RE_StdPeriph_Driver/src/stm32f401re_usart.o
                0x0000000008000b0c                USART_Cmd
 .text.USART_ReceiveData
                0x0000000008000b4c       0x20 ./App/Driver/STM32F401RE_StdPeriph_Driver/src/stm32f401re_usart.o
                0x0000000008000b4c                USART_ReceiveData
 .text.USART_ITConfig
                0x0000000008000b6c       0x90 ./App/Driver/STM32F401RE_StdPeriph_Driver/src/stm32f401re_usart.o
                0x0000000008000b6c                USART_ITConfig
 .text.USART_GetITStatus
                0x0000000008000bfc       0xb6 ./App/Driver/STM32F401RE_StdPeriph_Driver/src/stm32f401re_usart.o
                0x0000000008000bfc                USART_GetITStatus
 .text.USART_ClearITPendingBit
                0x0000000008000cb2       0x3a ./App/Driver/STM32F401RE_StdPeriph_Driver/src/stm32f401re_usart.o
                0x0000000008000cb2                USART_ClearITPendingBit
 .text.GUI_DrawPoint
                0x0000000008000cec       0x2e ./App/Middle/GUI/GUI.o
                0x0000000008000cec                GUI_DrawPoint
 *fill*         0x0000000008000d1a        0x2 
 .text.LCD_Fill
                0x0000000008000d1c       0x98 ./App/Middle/GUI/GUI.o
                0x0000000008000d1c                LCD_Fill
 .text.LCD_DrawLine
                0x0000000008000db4      0x108 ./App/Middle/GUI/GUI.o
                0x0000000008000db4                LCD_DrawLine
 .text.LCD_DrawRectangle
                0x0000000008000ebc       0x5c ./App/Middle/GUI/GUI.o
                0x0000000008000ebc                LCD_DrawRectangle
 .text.LCD_ShowTitle
                0x0000000008000f18       0x5a ./App/Middle/GUI/GUI.o
                0x0000000008000f18                LCD_ShowTitle
 .text.LCD_ShowOption
                0x0000000008000f72       0x82 ./App/Middle/GUI/GUI.o
                0x0000000008000f72                LCD_ShowOption
 .text.LCD_ShowChar
                0x0000000008000ff4      0x1b8 ./App/Middle/GUI/GUI.o
                0x0000000008000ff4                LCD_ShowChar
 .text.GUI_DrawFont16
                0x00000000080011ac      0x16c ./App/Middle/GUI/GUI.o
                0x00000000080011ac                GUI_DrawFont16
 .text.GUI_DrawFont24
                0x0000000008001318      0x164 ./App/Middle/GUI/GUI.o
                0x0000000008001318                GUI_DrawFont24
 .text.GUI_DrawFont32
                0x000000000800147c      0x16c ./App/Middle/GUI/GUI.o
                0x000000000800147c                GUI_DrawFont32
 .text.Show_Str
                0x00000000080015e8      0x1a4 ./App/Middle/GUI/GUI.o
                0x00000000080015e8                Show_Str
 .text.Gui_StrCenter
                0x000000000800178c       0x68 ./App/Middle/GUI/GUI.o
                0x000000000800178c                Gui_StrCenter
 .text.Gui_Drawbmp16
                0x00000000080017f4       0x90 ./App/Middle/GUI/GUI.o
                0x00000000080017f4                Gui_Drawbmp16
 .text.LCD_WR_REG
                0x0000000008001884       0x3c ./App/Middle/LCD/lcd.o
                0x0000000008001884                LCD_WR_REG
 .text.LCD_WR_DATA
                0x00000000080018c0       0x3c ./App/Middle/LCD/lcd.o
                0x00000000080018c0                LCD_WR_DATA
 .text.LCD_WriteReg
                0x00000000080018fc       0x2a ./App/Middle/LCD/lcd.o
                0x00000000080018fc                LCD_WriteReg
 *fill*         0x0000000008001926        0x2 
 .text.LCD_WriteRAM_Prepare
                0x0000000008001928       0x18 ./App/Middle/LCD/lcd.o
                0x0000000008001928                LCD_WriteRAM_Prepare
 .text.Lcd_WriteData_16Bit
                0x0000000008001940       0x4c ./App/Middle/LCD/lcd.o
                0x0000000008001940                Lcd_WriteData_16Bit
 .text.LCD_SetColorPoint
                0x000000000800198c       0x20 ./App/Middle/LCD/lcd.o
                0x000000000800198c                LCD_SetColorPoint
 .text.LCD_DrawPoint
                0x00000000080019ac       0x34 ./App/Middle/LCD/lcd.o
                0x00000000080019ac                LCD_DrawPoint
 .text.LCD_Clear
                0x00000000080019e0       0x80 ./App/Middle/LCD/lcd.o
                0x00000000080019e0                LCD_Clear
 .text.LCD_ClearCursor
                0x0000000008001a60       0xb0 ./App/Middle/LCD/lcd.o
                0x0000000008001a60                LCD_ClearCursor
 .text.LCD_GPIOInit
                0x0000000008001b10       0x3c ./App/Middle/LCD/lcd.o
                0x0000000008001b10                LCD_GPIOInit
 .text.LCD_RESET
                0x0000000008001b4c       0x24 ./App/Middle/LCD/lcd.o
                0x0000000008001b4c                LCD_RESET
 .text.LCD_Init
                0x0000000008001b70      0x254 ./App/Middle/LCD/lcd.o
                0x0000000008001b70                LCD_Init
 .text.LCD_SetWindows
                0x0000000008001dc4       0xa8 ./App/Middle/LCD/lcd.o
                0x0000000008001dc4                LCD_SetWindows
 .text.LCD_SetCursor
                0x0000000008001e6c       0x24 ./App/Middle/LCD/lcd.o
                0x0000000008001e6c                LCD_SetCursor
 .text.LCD_direction
                0x0000000008001e90       0xa8 ./App/Middle/LCD/lcd.o
                0x0000000008001e90                LCD_direction
 .text.SPI_WriteByte
                0x0000000008001f38       0x48 ./App/Middle/SPI/SPI.o
                0x0000000008001f38                SPI_WriteByte
 .text.SPI1_Init
                0x0000000008001f80       0xb0 ./App/Middle/SPI/SPI.o
                0x0000000008001f80                SPI1_Init
 .text.bufInit  0x0000000008002030       0x36 ./App/Middle/Utilities/buff.o
                0x0000000008002030                bufInit
 .text.bufNumItems
                0x0000000008002066       0x18 ./App/Middle/Utilities/buff.o
                0x0000000008002066                bufNumItems
 .text.bufIsFull
                0x000000000800207e       0x26 ./App/Middle/Utilities/buff.o
                0x000000000800207e                bufIsFull
 .text.bufIsEmpty
                0x00000000080020a4       0x26 ./App/Middle/Utilities/buff.o
                0x00000000080020a4                bufIsEmpty
 .text.bufFlush
                0x00000000080020ca       0x32 ./App/Middle/Utilities/buff.o
                0x00000000080020ca                bufFlush
 .text.bufEnDat
                0x00000000080020fc       0xa0 ./App/Middle/Utilities/buff.o
                0x00000000080020fc                bufEnDat
 .text.bufDeDat
                0x000000000800219c       0x8a ./App/Middle/Utilities/buff.o
                0x000000000800219c                bufDeDat
 .text.memsetl  0x0000000008002226       0x34 ./App/Middle/Utilities/utilities.o
                0x0000000008002226                memsetl
 *fill*         0x000000000800225a        0x2 
 .text.buttonInit
                0x000000000800225c       0x68 ./App/Middle/button/button-v1-1.o
                0x000000000800225c                buttonInit
 .text.dwCalculatorTime
                0x00000000080022c4       0x2e ./App/Middle/button/button-v1-1.o
 *fill*         0x00000000080022f2        0x2 
 .text.processEventButton
                0x00000000080022f4      0x1b8 ./App/Middle/button/button-v1-1.o
                0x00000000080022f4                processEventButton
 .text.GetEventButton
                0x00000000080024ac      0x8a8 ./App/Middle/button/button-v1-1.o
 .text.checkEventButton
                0x0000000008002d54       0x44 ./App/Middle/button/button-v1-1.o
 .text.getModeTest
                0x0000000008002d98       0x64 ./App/Middle/menu/menu.o
                0x0000000008002d98                getModeTest
 .text.getChooseRows
                0x0000000008002dfc      0x2bc ./App/Middle/menu/menu.o
                0x0000000008002dfc                getChooseRows
 .text.max      0x00000000080030b8       0x24 ./App/Middle/qr-code/qrcode.o
 .text.getAlphanumeric
                0x00000000080030dc       0xe4 ./App/Middle/qr-code/qrcode.o
 .text.isAlphanumeric
                0x00000000080031c0       0x3e ./App/Middle/qr-code/qrcode.o
 .text.isNumeric
                0x00000000080031fe       0x42 ./App/Middle/qr-code/qrcode.o
 .text.getModeBits
                0x0000000008003240       0x64 ./App/Middle/qr-code/qrcode.o
 .text.bb_getGridSizeBytes
                0x00000000080032a4       0x2a ./App/Middle/qr-code/qrcode.o
 .text.bb_getBufferSizeBytes
                0x00000000080032ce       0x1c ./App/Middle/qr-code/qrcode.o
 .text.bb_initBuffer
                0x00000000080032ea       0x36 ./App/Middle/qr-code/qrcode.o
 .text.bb_initGrid
                0x0000000008003320       0x40 ./App/Middle/qr-code/qrcode.o
 .text.bb_appendBits
                0x0000000008003360       0x82 ./App/Middle/qr-code/qrcode.o
 .text.bb_setBit
                0x00000000080033e2       0x94 ./App/Middle/qr-code/qrcode.o
 .text.bb_invertBit
                0x0000000008003476       0xc0 ./App/Middle/qr-code/qrcode.o
 .text.bb_getBit
                0x0000000008003536       0x54 ./App/Middle/qr-code/qrcode.o
 *fill*         0x000000000800358a        0x2 
 .text.applyMask
                0x000000000800358c      0x1f4 ./App/Middle/qr-code/qrcode.o
 .text.setFunctionModule
                0x0000000008003780       0x36 ./App/Middle/qr-code/qrcode.o
 .text.drawFinderPattern
                0x00000000080037b6       0xe8 ./App/Middle/qr-code/qrcode.o
 .text.drawAlignmentPattern
                0x000000000800389e       0xa0 ./App/Middle/qr-code/qrcode.o
 .text.drawFormatBits
                0x000000000800393e      0x1fa ./App/Middle/qr-code/qrcode.o
 .text.drawVersion
                0x0000000008003b38       0xd8 ./App/Middle/qr-code/qrcode.o
 .text.drawFunctionPatterns
                0x0000000008003c10      0x26c ./App/Middle/qr-code/qrcode.o
 .text.drawCodewords
                0x0000000008003e7c      0x120 ./App/Middle/qr-code/qrcode.o
 .text.getPenaltyScore
                0x0000000008003f9c      0x2f6 ./App/Middle/qr-code/qrcode.o
 .text.rs_multiply
                0x0000000008004292       0x8c ./App/Middle/qr-code/qrcode.o
 .text.rs_init  0x000000000800431e       0xc2 ./App/Middle/qr-code/qrcode.o
 .text.rs_getRemainder
                0x00000000080043e0       0xe4 ./App/Middle/qr-code/qrcode.o
 .text.encodeDataCodewords
                0x00000000080044c4      0x1cc ./App/Middle/qr-code/qrcode.o
 .text.performErrorCorrection
                0x0000000008004690      0x2fc ./App/Middle/qr-code/qrcode.o
 .text.qrcode_getBufferSize
                0x000000000800498c       0x24 ./App/Middle/qr-code/qrcode.o
                0x000000000800498c                qrcode_getBufferSize
 .text.qrcode_initBytes
                0x00000000080049b0      0x318 ./App/Middle/qr-code/qrcode.o
                0x00000000080049b0                qrcode_initBytes
 .text.qrcode_initText
                0x0000000008004cc8       0x3e ./App/Middle/qr-code/qrcode.o
                0x0000000008004cc8                qrcode_initText
 .text.qrcode_getModule
                0x0000000008004d06       0x6c ./App/Middle/qr-code/qrcode.o
                0x0000000008004d06                qrcode_getModule
 .text.generateQRCode
                0x0000000008004d72      0x1fa ./App/Middle/qr-code-to-lcd/qrcode-to-lcd.o
                0x0000000008004d72                generateQRCode
 .text.checkDataLength
                0x0000000008004f6c      0x1f8 ./App/Middle/qr-code-to-lcd/qrcode-to-lcd.o
                0x0000000008004f6c                checkDataLength
 .text.NVIC_SetPriority
                0x0000000008005164       0x54 ./App/Middle/rtos/timer.o
 .text.SysTick_Config
                0x00000000080051b8       0x44 ./App/Middle/rtos/timer.o
 .text.TimerInit
                0x00000000080051fc       0x44 ./App/Middle/rtos/timer.o
                0x00000000080051fc                TimerInit
 .text.GetMilSecTick
                0x0000000008005240       0x18 ./App/Middle/rtos/timer.o
                0x0000000008005240                GetMilSecTick
 .text.SysTick_Handler
                0x0000000008005258       0x1c ./App/Middle/rtos/timer.o
                0x0000000008005258                SysTick_Handler
 .text.resetBuffer
                0x0000000008005274       0x2c ./App/Middle/serial-uart/serial-uart.o
                0x0000000008005274                resetBuffer
 .text.processSerialUartReceiver
                0x00000000080052a0       0x5c ./App/Middle/serial-uart/serial-uart.o
                0x00000000080052a0                processSerialUartReceiver
 .text.PollRxBuff
                0x00000000080052fc      0x100 ./App/Middle/serial-uart/serial-uart.o
 .text.SerialHandleEventCallback
                0x00000000080053fc       0x20 ./App/Middle/serial-uart/serial-uart.o
                0x00000000080053fc                SerialHandleEventCallback
 .text.usartInit
                0x000000000800541c       0xa8 ./App/Middle/serial-uart/serial-uart.o
 .text.serialUartInit
                0x00000000080054c4       0x24 ./App/Middle/serial-uart/serial-uart.o
                0x00000000080054c4                serialUartInit
 .text.USART6_IRQHandler
                0x00000000080054e8       0x58 ./App/Middle/serial-uart/serial-uart.o
                0x00000000080054e8                USART6_IRQHandler
 .text.dwCalculatorTime
                0x0000000008005540       0x2e ./App/SYSTEM/delay/delay.o
                0x0000000008005540                dwCalculatorTime
 .text.delay_ms
                0x000000000800556e       0x32 ./App/SYSTEM/delay/delay.o
                0x000000000800556e                delay_ms
 .text.main     0x00000000080055a0       0x12 ./Src/main.o
                0x00000000080055a0                main
 *fill*         0x00000000080055b2        0x2 
 .text.appInitCommon
                0x00000000080055b4       0x30 ./Src/main.o
 .text.setStateApp
                0x00000000080055e4       0x20 ./Src/main.o
 .text.getStateApp
                0x0000000008005604       0x18 ./Src/main.o
 .text.appStateManager
                0x000000000800561c       0xac ./Src/main.o
 .text.processedUartReceivedNewsOfTouch
                0x00000000080056c8       0x3c ./Src/main.o
 .text.processedUartReceivedNewsOfZigbeeAndBLE
                0x0000000008005704      0xa48 ./Src/main.o
 .text.procUartCmd
                0x000000000800614c       0x36 ./Src/main.o
 *fill*         0x0000000008006182        0x2 
 .text.hexToAscii
                0x0000000008006184       0x94 ./Src/main.o
 .text.printMACLcd
                0x0000000008006218       0xf4 ./Src/main.o
                0x0000000008006218                printMACLcd
 .text.printEndPointCnt
                0x000000000800630c      0x140 ./Src/main.o
                0x000000000800630c                printEndPointCnt
 .text.printVersion
                0x000000000800644c      0x150 ./Src/main.o
                0x000000000800644c                printVersion
 .text.printModelId
                0x000000000800659c       0xbc ./Src/main.o
                0x000000000800659c                printModelId
 .text.printProductID
                0x0000000008006658       0xbc ./Src/main.o
                0x0000000008006658                printProductID
 .text.printTypeMCU
                0x0000000008006714       0xd4 ./Src/main.o
                0x0000000008006714                printTypeMCU
 .text.getModelID
                0x00000000080067e8       0x4e ./Src/main.o
                0x00000000080067e8                getModelID
 *fill*         0x0000000008006836        0x2 
 .text.Reset_Handler
                0x0000000008006838       0x50 ./Startup/startup_stm32f401retx.o
                0x0000000008006838                Reset_Handler
 .text.Default_Handler
                0x0000000008006888        0x2 ./Startup/startup_stm32f401retx.o
                0x0000000008006888                EXTI2_IRQHandler
                0x0000000008006888                DebugMon_Handler
                0x0000000008006888                SPI4_IRQHandler
                0x0000000008006888                TIM1_CC_IRQHandler
                0x0000000008006888                HardFault_Handler
                0x0000000008006888                SDIO_IRQHandler
                0x0000000008006888                TAMP_STAMP_IRQHandler
                0x0000000008006888                PendSV_Handler
                0x0000000008006888                NMI_Handler
                0x0000000008006888                EXTI3_IRQHandler
                0x0000000008006888                TIM1_UP_TIM10_IRQHandler
                0x0000000008006888                I2C3_ER_IRQHandler
                0x0000000008006888                EXTI18_OTG_FS_WKUP_IRQHandler
                0x0000000008006888                EXTI0_IRQHandler
                0x0000000008006888                I2C2_EV_IRQHandler
                0x0000000008006888                FPU_IRQHandler
                0x0000000008006888                UsageFault_Handler
                0x0000000008006888                SPI1_IRQHandler
                0x0000000008006888                TIM1_BRK_TIM9_IRQHandler
                0x0000000008006888                TIM4_IRQHandler
                0x0000000008006888                I2C1_EV_IRQHandler
                0x0000000008006888                TIM3_IRQHandler
                0x0000000008006888                RCC_IRQHandler
                0x0000000008006888                Default_Handler
                0x0000000008006888                EXTI15_10_IRQHandler
                0x0000000008006888                ADC_IRQHandler
                0x0000000008006888                TIM5_IRQHandler
                0x0000000008006888                I2C3_EV_IRQHandler
                0x0000000008006888                EXTI9_5_IRQHandler
                0x0000000008006888                SPI2_IRQHandler
                0x0000000008006888                MemManage_Handler
                0x0000000008006888                SVC_Handler
                0x0000000008006888                EXTI4_IRQHandler
                0x0000000008006888                EXTI22_RTC_WKUP_IRQHandler
                0x0000000008006888                TIM2_IRQHandler
                0x0000000008006888                EXTI16_PVD_IRQHandler
                0x0000000008006888                TIM1_TRG_COM_TIM11_IRQHandler
                0x0000000008006888                EXTI1_IRQHandler
                0x0000000008006888                EXTI17_RTC_Alarm_IRQHandler
                0x0000000008006888                USART2_IRQHandler
                0x0000000008006888                I2C2_ER_IRQHandler
                0x0000000008006888                FLASH_IRQHandler
                0x0000000008006888                BusFault_Handler
                0x0000000008006888                USART1_IRQHandler
                0x0000000008006888                OTG_FS_IRQHandler
                0x0000000008006888                SPI3_IRQHandler
                0x0000000008006888                I2C1_ER_IRQHandler
 *fill*         0x000000000800688a        0x2 
 .text.__libc_init_array
                0x000000000800688c       0x48 c:/st/stm32cubeide_1.10.1/stm32cubeide/plugins/com.st.stm32cube.ide.mcu.externaltools.gnu-tools-for-stm32.10.3-2021.10.win32_1.0.0.202111181127/tools/bin/../lib/gcc/arm-none-eabi/10.3.1/../../../../arm-none-eabi/lib/thumb/v7e-m+fp/hard\libc_nano.a(lib_a-init.o)
                0x000000000800688c                __libc_init_array
 .text.memcpy   0x00000000080068d4       0x1c c:/st/stm32cubeide_1.10.1/stm32cubeide/plugins/com.st.stm32cube.ide.mcu.externaltools.gnu-tools-for-stm32.10.3-2021.10.win32_1.0.0.202111181127/tools/bin/../lib/gcc/arm-none-eabi/10.3.1/../../../../arm-none-eabi/lib/thumb/v7e-m+fp/hard\libc_nano.a(lib_a-memcpy-stub.o)
                0x00000000080068d4                memcpy
 .text.memset   0x00000000080068f0       0x10 c:/st/stm32cubeide_1.10.1/stm32cubeide/plugins/com.st.stm32cube.ide.mcu.externaltools.gnu-tools-for-stm32.10.3-2021.10.win32_1.0.0.202111181127/tools/bin/../lib/gcc/arm-none-eabi/10.3.1/../../../../arm-none-eabi/lib/thumb/v7e-m+fp/hard\libc_nano.a(lib_a-memset.o)
                0x00000000080068f0                memset
 .text.strcat   0x0000000008006900       0x1e c:/st/stm32cubeide_1.10.1/stm32cubeide/plugins/com.st.stm32cube.ide.mcu.externaltools.gnu-tools-for-stm32.10.3-2021.10.win32_1.0.0.202111181127/tools/bin/../lib/gcc/arm-none-eabi/10.3.1/../../../../arm-none-eabi/lib/thumb/v7e-m+fp/hard\libc_nano.a(lib_a-strcat.o)
                0x0000000008006900                strcat
 .text.strcpy   0x000000000800691e       0x10 c:/st/stm32cubeide_1.10.1/stm32cubeide/plugins/com.st.stm32cube.ide.mcu.externaltools.gnu-tools-for-stm32.10.3-2021.10.win32_1.0.0.202111181127/tools/bin/../lib/gcc/arm-none-eabi/10.3.1/../../../../arm-none-eabi/lib/thumb/v7e-m+fp/hard\libc_nano.a(lib_a-strcpy.o)
                0x000000000800691e                strcpy
 *(.glue_7)
 .glue_7        0x000000000800692e        0x0 linker stubs
 *(.glue_7t)
 .glue_7t       0x000000000800692e        0x0 linker stubs
 *(.eh_frame)
 *fill*         0x000000000800692e        0x2 
 .eh_frame      0x0000000008006930        0x0 c:/st/stm32cubeide_1.10.1/stm32cubeide/plugins/com.st.stm32cube.ide.mcu.externaltools.gnu-tools-for-stm32.10.3-2021.10.win32_1.0.0.202111181127/tools/bin/../lib/gcc/arm-none-eabi/10.3.1/thumb/v7e-m+fp/hard/crtbegin.o
 *(.init)
 .init          0x0000000008006930        0x4 c:/st/stm32cubeide_1.10.1/stm32cubeide/plugins/com.st.stm32cube.ide.mcu.externaltools.gnu-tools-for-stm32.10.3-2021.10.win32_1.0.0.202111181127/tools/bin/../lib/gcc/arm-none-eabi/10.3.1/thumb/v7e-m+fp/hard/crti.o
                0x0000000008006930                _init
 .init          0x0000000008006934        0x8 c:/st/stm32cubeide_1.10.1/stm32cubeide/plugins/com.st.stm32cube.ide.mcu.externaltools.gnu-tools-for-stm32.10.3-2021.10.win32_1.0.0.202111181127/tools/bin/../lib/gcc/arm-none-eabi/10.3.1/thumb/v7e-m+fp/hard/crtn.o
 *(.fini)
 .fini          0x000000000800693c        0x4 c:/st/stm32cubeide_1.10.1/stm32cubeide/plugins/com.st.stm32cube.ide.mcu.externaltools.gnu-tools-for-stm32.10.3-2021.10.win32_1.0.0.202111181127/tools/bin/../lib/gcc/arm-none-eabi/10.3.1/thumb/v7e-m+fp/hard/crti.o
                0x000000000800693c                _fini
 .fini          0x0000000008006940        0x8 c:/st/stm32cubeide_1.10.1/stm32cubeide/plugins/com.st.stm32cube.ide.mcu.externaltools.gnu-tools-for-stm32.10.3-2021.10.win32_1.0.0.202111181127/tools/bin/../lib/gcc/arm-none-eabi/10.3.1/thumb/v7e-m+fp/hard/crtn.o
                0x0000000008006948                . = ALIGN (0x4)
                0x0000000008006948                _etext = .

.vfp11_veneer   0x0000000008006948        0x0
 .vfp11_veneer  0x0000000008006948        0x0 linker stubs

.v4_bx          0x0000000008006948        0x0
 .v4_bx         0x0000000008006948        0x0 linker stubs

.iplt           0x0000000008006948        0x0
 .iplt          0x0000000008006948        0x0 c:/st/stm32cubeide_1.10.1/stm32cubeide/plugins/com.st.stm32cube.ide.mcu.externaltools.gnu-tools-for-stm32.10.3-2021.10.win32_1.0.0.202111181127/tools/bin/../lib/gcc/arm-none-eabi/10.3.1/thumb/v7e-m+fp/hard/crtbegin.o

.rodata         0x0000000008006948    0x271c8
                0x0000000008006948                . = ALIGN (0x4)
 *(.rodata)
 .rodata        0x0000000008006948       0xe5 ./Src/main.o
 *(.rodata*)
 *fill*         0x0000000008006a2d        0x3 
 .rodata.asc2_1206
                0x0000000008006a30      0x474 ./App/Middle/GUI/GUI.o
                0x0000000008006a30                asc2_1206
 .rodata.asc2_1608
                0x0000000008006ea4      0x5f0 ./App/Middle/GUI/GUI.o
                0x0000000008006ea4                asc2_1608
 .rodata.tfont16
                0x0000000008007494      0x83c ./App/Middle/GUI/GUI.o
                0x0000000008007494                tfont16
 .rodata.tfont24
                0x0000000008007cd0      0x206 ./App/Middle/GUI/GUI.o
                0x0000000008007cd0                tfont24
 *fill*         0x0000000008007ed6        0x2 
 .rodata.tfont32
                0x0000000008007ed8      0x208 ./App/Middle/GUI/GUI.o
                0x0000000008007ed8                tfont32
 .rodata.NUM_ERROR_CORRECTION_CODEWORDS
                0x00000000080080e0      0x140 ./App/Middle/qr-code/qrcode.o
 .rodata.NUM_ERROR_CORRECTION_BLOCKS
                0x0000000008008220       0xa0 ./App/Middle/qr-code/qrcode.o
 .rodata.NUM_RAW_DATA_MODULES
                0x00000000080082c0       0x50 ./App/Middle/qr-code/qrcode.o
 .rodata.gImage_logo
                0x0000000008008310    0x25800 ./Src/main.o
                0x0000000008008310                gImage_logo
                0x000000000802db10                . = ALIGN (0x4)

.rel.dyn        0x000000000802db10        0x0
 .rel.iplt      0x000000000802db10        0x0 c:/st/stm32cubeide_1.10.1/stm32cubeide/plugins/com.st.stm32cube.ide.mcu.externaltools.gnu-tools-for-stm32.10.3-2021.10.win32_1.0.0.202111181127/tools/bin/../lib/gcc/arm-none-eabi/10.3.1/thumb/v7e-m+fp/hard/crtbegin.o

.ARM.extab      0x000000000802db10        0x0
                0x000000000802db10                . = ALIGN (0x4)
 *(.ARM.extab* .gnu.linkonce.armextab.*)
                0x000000000802db10                . = ALIGN (0x4)

.ARM            0x000000000802db10        0x0
                0x000000000802db10                . = ALIGN (0x4)
                0x000000000802db10                __exidx_start = .
 *(.ARM.exidx*)
                0x000000000802db10                __exidx_end = .
                0x000000000802db10                . = ALIGN (0x4)

.preinit_array  0x000000000802db10        0x0
                0x000000000802db10                . = ALIGN (0x4)
                0x000000000802db10                PROVIDE (__preinit_array_start = .)
 *(.preinit_array*)
                0x000000000802db10                PROVIDE (__preinit_array_end = .)
                0x000000000802db10                . = ALIGN (0x4)

.init_array     0x000000000802db10        0x4
                0x000000000802db10                . = ALIGN (0x4)
                0x000000000802db10                PROVIDE (__init_array_start = .)
 *(SORT_BY_NAME(.init_array.*))
 *(.init_array*)
 .init_array    0x000000000802db10        0x4 c:/st/stm32cubeide_1.10.1/stm32cubeide/plugins/com.st.stm32cube.ide.mcu.externaltools.gnu-tools-for-stm32.10.3-2021.10.win32_1.0.0.202111181127/tools/bin/../lib/gcc/arm-none-eabi/10.3.1/thumb/v7e-m+fp/hard/crtbegin.o
                0x000000000802db14                PROVIDE (__init_array_end = .)
                0x000000000802db14                . = ALIGN (0x4)

.fini_array     0x000000000802db14        0x4
                0x000000000802db14                . = ALIGN (0x4)
                [!provide]                        PROVIDE (__fini_array_start = .)
 *(SORT_BY_NAME(.fini_array.*))
 *(.fini_array*)
 .fini_array    0x000000000802db14        0x4 c:/st/stm32cubeide_1.10.1/stm32cubeide/plugins/com.st.stm32cube.ide.mcu.externaltools.gnu-tools-for-stm32.10.3-2021.10.win32_1.0.0.202111181127/tools/bin/../lib/gcc/arm-none-eabi/10.3.1/thumb/v7e-m+fp/hard/crtbegin.o
                [!provide]                        PROVIDE (__fini_array_end = .)
                0x000000000802db18                . = ALIGN (0x4)
                0x000000000802db18                _sidata = LOADADDR (.data)

.data           0x0000000020000000       0x74 load address 0x000000000802db18
                0x0000000020000000                . = ALIGN (0x4)
                0x0000000020000000                _sdata = .
 *(.data)
 *(.data*)
 .data.SystemCoreClock
                0x0000000020000000        0x4 ./App/Driver/CMSIS/Source/system_stm32f4xx.o
                0x0000000020000000                SystemCoreClock
 .data.AHBPrescTable
                0x0000000020000004       0x10 ./App/Driver/CMSIS/Source/system_stm32f4xx.o
                0x0000000020000004                AHBPrescTable
 .data.APBAHBPrescTable
                0x0000000020000014       0x10 ./App/Driver/STM32F401RE_StdPeriph_Driver/src/stm32f401re_rcc.o
 .data.pMenuMain
                0x0000000020000024       0x50 ./App/Middle/menu/menu.o
 *(.RamFunc)
 *(.RamFunc*)
                0x0000000020000074                . = ALIGN (0x4)
                0x0000000020000074                _edata = .

.igot.plt       0x0000000020000074        0x0 load address 0x000000000802db8c
 .igot.plt      0x0000000020000074        0x0 c:/st/stm32cubeide_1.10.1/stm32cubeide/plugins/com.st.stm32cube.ide.mcu.externaltools.gnu-tools-for-stm32.10.3-2021.10.win32_1.0.0.202111181127/tools/bin/../lib/gcc/arm-none-eabi/10.3.1/thumb/v7e-m+fp/hard/crtbegin.o
                0x0000000020000074                . = ALIGN (0x4)

.bss            0x0000000020000074      0x4b0 load address 0x000000000802db8c
                0x0000000020000074                _sbss = .
                0x0000000020000074                __bss_start__ = _sbss
 *(.bss)
 .bss           0x0000000020000074       0x1c c:/st/stm32cubeide_1.10.1/stm32cubeide/plugins/com.st.stm32cube.ide.mcu.externaltools.gnu-tools-for-stm32.10.3-2021.10.win32_1.0.0.202111181127/tools/bin/../lib/gcc/arm-none-eabi/10.3.1/thumb/v7e-m+fp/hard/crtbegin.o
 *(.bss*)
 .bss.lcddev    0x0000000020000090        0xe ./App/Middle/LCD/lcd.o
                0x0000000020000090                lcddev
 .bss.POINT_COLOR
                0x000000002000009e        0x2 ./App/Middle/LCD/lcd.o
                0x000000002000009e                POINT_COLOR
 .bss.button1   0x00000000200000a0       0x10 ./App/Middle/button/button-v1-1.o
 .bss.button2   0x00000000200000b0       0x10 ./App/Middle/button/button-v1-1.o
 .bss.button3   0x00000000200000c0       0x10 ./App/Middle/button/button-v1-1.o
 .bss.button4   0x00000000200000d0       0x10 ./App/Middle/button/button-v1-1.o
 .bss.button5   0x00000000200000e0       0x10 ./App/Middle/button/button-v1-1.o
 .bss.cursorOfOptionBox.2
                0x00000000200000f0       0x14 ./App/Middle/menu/menu.o
 .bss.byFlag.1  0x0000000020000104        0x1 ./App/Middle/menu/menu.o
 .bss.byRowTemp.0
                0x0000000020000105        0x1 ./App/Middle/menu/menu.o
 *fill*         0x0000000020000106        0x2 
 .bss.g_pTimerHandle
                0x0000000020000108      0x180 ./App/Middle/rtos/timer.o
 .bss.g_wMilSecTickTimer
                0x0000000020000288        0x4 ./App/Middle/rtos/timer.o
 .bss.pSerialHandleEvent
                0x000000002000028c        0x4 ./App/Middle/serial-uart/serial-uart.o
 .bss.g_eRxState
                0x0000000020000290        0x1 ./App/Middle/serial-uart/serial-uart.o
 *fill*         0x0000000020000291        0x3 
 .bss.g_pbyRxDataByte
                0x0000000020000294      0x100 ./App/Middle/serial-uart/serial-uart.o
 .bss.g_byRxCheckXor
                0x0000000020000394        0x1 ./App/Middle/serial-uart/serial-uart.o
 .bss.g_byRxIndexByte
                0x0000000020000395        0x1 ./App/Middle/serial-uart/serial-uart.o
 .bss.g_byRxNumByte
                0x0000000020000396        0x1 ./App/Middle/serial-uart/serial-uart.o
 *fill*         0x0000000020000397        0x1 
 .bss.g_pBuffDataRx
                0x0000000020000398      0x100 ./App/Middle/serial-uart/serial-uart.o
 .bss.g_pUartRxQueue
                0x0000000020000498       0x10 ./App/Middle/serial-uart/serial-uart.o
 .bss.uartState.0
                0x00000000200004a8        0x1 ./App/Middle/serial-uart/serial-uart.o
 .bss.g_byEnpointCntMCU
                0x00000000200004a9        0x1 ./Src/main.o
 .bss.g_byEnpointCntBLE
                0x00000000200004aa        0x1 ./Src/main.o
 .bss.g_byEnpointCntZigBee
                0x00000000200004ab        0x1 ./Src/main.o
 .bss.g_pstrMACZigbee
                0x00000000200004ac       0x11 ./Src/main.o
 *fill*         0x00000000200004bd        0x3 
 .bss.g_pstrMACBle
                0x00000000200004c0       0x11 ./Src/main.o
 *fill*         0x00000000200004d1        0x3 
 .bss.g_pstrMACLast
                0x00000000200004d4       0x11 ./Src/main.o
 *fill*         0x00000000200004e5        0x3 
 .bss.g_pstrVersionBluetooth
                0x00000000200004e8        0x7 ./Src/main.o
 *fill*         0x00000000200004ef        0x1 
 .bss.g_pstrVersionZigBee
                0x00000000200004f0        0x7 ./Src/main.o
 *fill*         0x00000000200004f7        0x1 
 .bss.g_pstrVersionMCU
                0x00000000200004f8        0x7 ./Src/main.o
 .bss.g_byTypeMCU
                0x00000000200004ff        0x1 ./Src/main.o
 .bss.modeTest  0x0000000020000500        0x1 ./Src/main.o
 .bss.eCurrentState
                0x0000000020000501        0x1 ./Src/main.o
                0x0000000020000501                eCurrentState
 .bss.byStatusTemp.5
                0x0000000020000502        0x1 ./Src/main.o
 *fill*         0x0000000020000503        0x1 
 .bss.pStrModelID.4
                0x0000000020000504       0x14 ./Src/main.o
 .bss.pStrPID.3
                0x0000000020000518        0x5 ./Src/main.o
 .bss.byFlagOfBufReset.2
                0x000000002000051d        0x1 ./Src/main.o
 .bss.byCountTemp.1
                0x000000002000051e        0x1 ./Src/main.o
 *fill*         0x000000002000051f        0x1 
 .bss.str.0     0x0000000020000520        0x2 ./Src/main.o
 *(COMMON)
                0x0000000020000524                . = ALIGN (0x4)
 *fill*         0x0000000020000522        0x2 
                0x0000000020000524                _ebss = .
                0x0000000020000524                __bss_end__ = _ebss

._user_heap_stack
                0x0000000020000524      0x604 load address 0x000000000802db8c
                0x0000000020000528                . = ALIGN (0x8)
 *fill*         0x0000000020000524        0x4 
                [!provide]                        PROVIDE (end = .)
                0x0000000020000528                PROVIDE (_end = .)
                0x0000000020000728                . = (. + _Min_Heap_Size)
 *fill*         0x0000000020000528      0x200 
                0x0000000020000b28                . = (. + _Min_Stack_Size)
 *fill*         0x0000000020000728      0x400 
                0x0000000020000b28                . = ALIGN (0x8)

/DISCARD/
 libc.a(*)
 libm.a(*)
 libgcc.a(*)

.ARM.attributes
                0x0000000000000000       0x30
 *(.ARM.attributes)
 .ARM.attributes
                0x0000000000000000       0x1e c:/st/stm32cubeide_1.10.1/stm32cubeide/plugins/com.st.stm32cube.ide.mcu.externaltools.gnu-tools-for-stm32.10.3-2021.10.win32_1.0.0.202111181127/tools/bin/../lib/gcc/arm-none-eabi/10.3.1/thumb/v7e-m+fp/hard/crti.o
 .ARM.attributes
                0x000000000000001e       0x34 c:/st/stm32cubeide_1.10.1/stm32cubeide/plugins/com.st.stm32cube.ide.mcu.externaltools.gnu-tools-for-stm32.10.3-2021.10.win32_1.0.0.202111181127/tools/bin/../lib/gcc/arm-none-eabi/10.3.1/thumb/v7e-m+fp/hard/crtbegin.o
 .ARM.attributes
                0x0000000000000052       0x34 ./App/Driver/CMSIS/Source/system_stm32f4xx.o
 .ARM.attributes
                0x0000000000000086       0x34 ./App/Driver/STM32F401RE_StdPeriph_Driver/src/misc.o
 .ARM.attributes
                0x00000000000000ba       0x34 ./App/Driver/STM32F401RE_StdPeriph_Driver/src/stm32f401re_gpio.o
 .ARM.attributes
                0x00000000000000ee       0x34 ./App/Driver/STM32F401RE_StdPeriph_Driver/src/stm32f401re_rcc.o
 .ARM.attributes
                0x0000000000000122       0x34 ./App/Driver/STM32F401RE_StdPeriph_Driver/src/stm32f401re_spi.o
 .ARM.attributes
                0x0000000000000156       0x34 ./App/Driver/STM32F401RE_StdPeriph_Driver/src/stm32f401re_usart.o
 .ARM.attributes
                0x000000000000018a       0x34 ./App/Middle/GUI/GUI.o
 .ARM.attributes
                0x00000000000001be       0x34 ./App/Middle/LCD/lcd.o
 .ARM.attributes
                0x00000000000001f2       0x34 ./App/Middle/SPI/SPI.o
 .ARM.attributes
                0x0000000000000226       0x34 ./App/Middle/Utilities/buff.o
 .ARM.attributes
                0x000000000000025a       0x34 ./App/Middle/Utilities/utilities.o
 .ARM.attributes
                0x000000000000028e       0x34 ./App/Middle/button/button-v1-1.o
 .ARM.attributes
                0x00000000000002c2       0x34 ./App/Middle/menu/menu.o
 .ARM.attributes
                0x00000000000002f6       0x34 ./App/Middle/qr-code/qrcode.o
 .ARM.attributes
                0x000000000000032a       0x34 ./App/Middle/qr-code-to-lcd/qrcode-to-lcd.o
 .ARM.attributes
                0x000000000000035e       0x34 ./App/Middle/rtos/timer.o
 .ARM.attributes
                0x0000000000000392       0x34 ./App/Middle/serial-uart/serial-uart.o
 .ARM.attributes
                0x00000000000003c6       0x34 ./App/SYSTEM/delay/delay.o
 .ARM.attributes
                0x00000000000003fa       0x34 ./Src/main.o
 .ARM.attributes
                0x000000000000042e       0x21 ./Startup/startup_stm32f401retx.o
 .ARM.attributes
                0x000000000000044f       0x34 c:/st/stm32cubeide_1.10.1/stm32cubeide/plugins/com.st.stm32cube.ide.mcu.externaltools.gnu-tools-for-stm32.10.3-2021.10.win32_1.0.0.202111181127/tools/bin/../lib/gcc/arm-none-eabi/10.3.1/../../../../arm-none-eabi/lib/thumb/v7e-m+fp/hard\libc_nano.a(lib_a-init.o)
 .ARM.attributes
                0x0000000000000483       0x34 c:/st/stm32cubeide_1.10.1/stm32cubeide/plugins/com.st.stm32cube.ide.mcu.externaltools.gnu-tools-for-stm32.10.3-2021.10.win32_1.0.0.202111181127/tools/bin/../lib/gcc/arm-none-eabi/10.3.1/../../../../arm-none-eabi/lib/thumb/v7e-m+fp/hard\libc_nano.a(lib_a-memcpy-stub.o)
 .ARM.attributes
                0x00000000000004b7       0x34 c:/st/stm32cubeide_1.10.1/stm32cubeide/plugins/com.st.stm32cube.ide.mcu.externaltools.gnu-tools-for-stm32.10.3-2021.10.win32_1.0.0.202111181127/tools/bin/../lib/gcc/arm-none-eabi/10.3.1/../../../../arm-none-eabi/lib/thumb/v7e-m+fp/hard\libc_nano.a(lib_a-memset.o)
 .ARM.attributes
                0x00000000000004eb       0x34 c:/st/stm32cubeide_1.10.1/stm32cubeide/plugins/com.st.stm32cube.ide.mcu.externaltools.gnu-tools-for-stm32.10.3-2021.10.win32_1.0.0.202111181127/tools/bin/../lib/gcc/arm-none-eabi/10.3.1/../../../../arm-none-eabi/lib/thumb/v7e-m+fp/hard\libc_nano.a(lib_a-strcat.o)
 .ARM.attributes
                0x000000000000051f       0x1c c:/st/stm32cubeide_1.10.1/stm32cubeide/plugins/com.st.stm32cube.ide.mcu.externaltools.gnu-tools-for-stm32.10.3-2021.10.win32_1.0.0.202111181127/tools/bin/../lib/gcc/arm-none-eabi/10.3.1/../../../../arm-none-eabi/lib/thumb/v7e-m+fp/hard\libc_nano.a(lib_a-strcmp.o)
 .ARM.attributes
                0x000000000000053b       0x34 c:/st/stm32cubeide_1.10.1/stm32cubeide/plugins/com.st.stm32cube.ide.mcu.externaltools.gnu-tools-for-stm32.10.3-2021.10.win32_1.0.0.202111181127/tools/bin/../lib/gcc/arm-none-eabi/10.3.1/../../../../arm-none-eabi/lib/thumb/v7e-m+fp/hard\libc_nano.a(lib_a-strcpy.o)
 .ARM.attributes
                0x000000000000056f       0x17 c:/st/stm32cubeide_1.10.1/stm32cubeide/plugins/com.st.stm32cube.ide.mcu.externaltools.gnu-tools-for-stm32.10.3-2021.10.win32_1.0.0.202111181127/tools/bin/../lib/gcc/arm-none-eabi/10.3.1/../../../../arm-none-eabi/lib/thumb/v7e-m+fp/hard\libc_nano.a(lib_a-strlen.o)
 .ARM.attributes
                0x0000000000000586       0x1e c:/st/stm32cubeide_1.10.1/stm32cubeide/plugins/com.st.stm32cube.ide.mcu.externaltools.gnu-tools-for-stm32.10.3-2021.10.win32_1.0.0.202111181127/tools/bin/../lib/gcc/arm-none-eabi/10.3.1/thumb/v7e-m+fp/hard/crtn.o
OUTPUT(get_mac_of_device_ver1.1.elf elf32-littlearm)
LOAD linker stubs
LOAD c:/st/stm32cubeide_1.10.1/stm32cubeide/plugins/com.st.stm32cube.ide.mcu.externaltools.gnu-tools-for-stm32.10.3-2021.10.win32_1.0.0.202111181127/tools/bin/../lib/gcc/arm-none-eabi/10.3.1/../../../../arm-none-eabi/lib/thumb/v7e-m+fp/hard\libc.a
LOAD c:/st/stm32cubeide_1.10.1/stm32cubeide/plugins/com.st.stm32cube.ide.mcu.externaltools.gnu-tools-for-stm32.10.3-2021.10.win32_1.0.0.202111181127/tools/bin/../lib/gcc/arm-none-eabi/10.3.1/../../../../arm-none-eabi/lib/thumb/v7e-m+fp/hard\libm.a
LOAD c:/st/stm32cubeide_1.10.1/stm32cubeide/plugins/com.st.stm32cube.ide.mcu.externaltools.gnu-tools-for-stm32.10.3-2021.10.win32_1.0.0.202111181127/tools/bin/../lib/gcc/arm-none-eabi/10.3.1/thumb/v7e-m+fp/hard\libgcc.a

.debug_info     0x0000000000000000     0xa477
 .debug_info    0x0000000000000000      0x5e6 ./App/Driver/CMSIS/Source/system_stm32f4xx.o
 .debug_info    0x00000000000005e6      0x560 ./App/Driver/STM32F401RE_StdPeriph_Driver/src/misc.o
 .debug_info    0x0000000000000b46      0x672 ./App/Driver/STM32F401RE_StdPeriph_Driver/src/stm32f401re_gpio.o
 .debug_info    0x00000000000011b8      0xdee ./App/Driver/STM32F401RE_StdPeriph_Driver/src/stm32f401re_rcc.o
 .debug_info    0x0000000000001fa6      0xbfd ./App/Driver/STM32F401RE_StdPeriph_Driver/src/stm32f401re_spi.o
 .debug_info    0x0000000000002ba3      0xa7f ./App/Driver/STM32F401RE_StdPeriph_Driver/src/stm32f401re_usart.o
 .debug_info    0x0000000000003622     0x1078 ./App/Middle/GUI/GUI.o
 .debug_info    0x000000000000469a      0x82a ./App/Middle/LCD/lcd.o
 .debug_info    0x0000000000004ec4      0x5de ./App/Middle/SPI/SPI.o
 .debug_info    0x00000000000054a2      0x335 ./App/Middle/Utilities/buff.o
 .debug_info    0x00000000000057d7      0x2e2 ./App/Middle/Utilities/utilities.o
 .debug_info    0x0000000000005ab9      0x576 ./App/Middle/button/button-v1-1.o
 .debug_info    0x000000000000602f      0x3b2 ./App/Middle/menu/menu.o
 .debug_info    0x00000000000063e1     0x1716 ./App/Middle/qr-code/qrcode.o
 .debug_info    0x0000000000007af7      0x458 ./App/Middle/qr-code-to-lcd/qrcode-to-lcd.o
 .debug_info    0x0000000000007f4f      0x9c4 ./App/Middle/rtos/timer.o
 .debug_info    0x0000000000008913      0xa7b ./App/Middle/serial-uart/serial-uart.o
 .debug_info    0x000000000000938e      0x11a ./App/SYSTEM/delay/delay.o
 .debug_info    0x00000000000094a8      0xfad ./Src/main.o
 .debug_info    0x000000000000a455       0x22 ./Startup/startup_stm32f401retx.o

.debug_abbrev   0x0000000000000000     0x229f
 .debug_abbrev  0x0000000000000000      0x141 ./App/Driver/CMSIS/Source/system_stm32f4xx.o
 .debug_abbrev  0x0000000000000141      0x173 ./App/Driver/STM32F401RE_StdPeriph_Driver/src/misc.o
 .debug_abbrev  0x00000000000002b4      0x1df ./App/Driver/STM32F401RE_StdPeriph_Driver/src/stm32f401re_gpio.o
 .debug_abbrev  0x0000000000000493      0x1d6 ./App/Driver/STM32F401RE_StdPeriph_Driver/src/stm32f401re_rcc.o
 .debug_abbrev  0x0000000000000669      0x197 ./App/Driver/STM32F401RE_StdPeriph_Driver/src/stm32f401re_spi.o
 .debug_abbrev  0x0000000000000800      0x1a1 ./App/Driver/STM32F401RE_StdPeriph_Driver/src/stm32f401re_usart.o
 .debug_abbrev  0x00000000000009a1      0x27a ./App/Middle/GUI/GUI.o
 .debug_abbrev  0x0000000000000c1b      0x27a ./App/Middle/LCD/lcd.o
 .debug_abbrev  0x0000000000000e95      0x197 ./App/Middle/SPI/SPI.o
 .debug_abbrev  0x000000000000102c      0x131 ./App/Middle/Utilities/buff.o
 .debug_abbrev  0x000000000000115d       0xdc ./App/Middle/Utilities/utilities.o
 .debug_abbrev  0x0000000000001239      0x21b ./App/Middle/button/button-v1-1.o
 .debug_abbrev  0x0000000000001454      0x176 ./App/Middle/menu/menu.o
 .debug_abbrev  0x00000000000015ca      0x274 ./App/Middle/qr-code/qrcode.o
 .debug_abbrev  0x000000000000183e      0x158 ./App/Middle/qr-code-to-lcd/qrcode-to-lcd.o
 .debug_abbrev  0x0000000000001996      0x2d8 ./App/Middle/rtos/timer.o
 .debug_abbrev  0x0000000000001c6e      0x285 ./App/Middle/serial-uart/serial-uart.o
 .debug_abbrev  0x0000000000001ef3       0xcb ./App/SYSTEM/delay/delay.o
 .debug_abbrev  0x0000000000001fbe      0x2cf ./Src/main.o
 .debug_abbrev  0x000000000000228d       0x12 ./Startup/startup_stm32f401retx.o

.debug_aranges  0x0000000000000000      0x9e8
 .debug_aranges
                0x0000000000000000       0x30 ./App/Driver/CMSIS/Source/system_stm32f4xx.o
 .debug_aranges
                0x0000000000000030       0x40 ./App/Driver/STM32F401RE_StdPeriph_Driver/src/misc.o
 .debug_aranges
                0x0000000000000070       0x88 ./App/Driver/STM32F401RE_StdPeriph_Driver/src/stm32f401re_gpio.o
 .debug_aranges
                0x00000000000000f8      0x198 ./App/Driver/STM32F401RE_StdPeriph_Driver/src/stm32f401re_rcc.o
 .debug_aranges
                0x0000000000000290       0xe0 ./App/Driver/STM32F401RE_StdPeriph_Driver/src/stm32f401re_spi.o
 .debug_aranges
                0x0000000000000370      0x100 ./App/Driver/STM32F401RE_StdPeriph_Driver/src/stm32f401re_usart.o
 .debug_aranges
                0x0000000000000470       0xd0 ./App/Middle/GUI/GUI.o
 .debug_aranges
                0x0000000000000540       0x90 ./App/Middle/LCD/lcd.o
 .debug_aranges
                0x00000000000005d0       0x30 ./App/Middle/SPI/SPI.o
 .debug_aranges
                0x0000000000000600       0x50 ./App/Middle/Utilities/buff.o
 .debug_aranges
                0x0000000000000650       0x48 ./App/Middle/Utilities/utilities.o
 .debug_aranges
                0x0000000000000698       0x40 ./App/Middle/button/button-v1-1.o
 .debug_aranges
                0x00000000000006d8       0x30 ./App/Middle/menu/menu.o
 .debug_aranges
                0x0000000000000708      0x110 ./App/Middle/qr-code/qrcode.o
 .debug_aranges
                0x0000000000000818       0x28 ./App/Middle/qr-code-to-lcd/qrcode-to-lcd.o
 .debug_aranges
                0x0000000000000840       0x70 ./App/Middle/rtos/timer.o
 .debug_aranges
                0x00000000000008b0       0x50 ./App/Middle/serial-uart/serial-uart.o
 .debug_aranges
                0x0000000000000900       0x28 ./App/SYSTEM/delay/delay.o
 .debug_aranges
                0x0000000000000928       0x98 ./Src/main.o
 .debug_aranges
                0x00000000000009c0       0x28 ./Startup/startup_stm32f401retx.o

.debug_ranges   0x0000000000000000      0x8b0
 .debug_ranges  0x0000000000000000       0x20 ./App/Driver/CMSIS/Source/system_stm32f4xx.o
 .debug_ranges  0x0000000000000020       0x30 ./App/Driver/STM32F401RE_StdPeriph_Driver/src/misc.o
 .debug_ranges  0x0000000000000050       0x78 ./App/Driver/STM32F401RE_StdPeriph_Driver/src/stm32f401re_gpio.o
 .debug_ranges  0x00000000000000c8      0x188 ./App/Driver/STM32F401RE_StdPeriph_Driver/src/stm32f401re_rcc.o
 .debug_ranges  0x0000000000000250       0xd0 ./App/Driver/STM32F401RE_StdPeriph_Driver/src/stm32f401re_spi.o
 .debug_ranges  0x0000000000000320       0xf0 ./App/Driver/STM32F401RE_StdPeriph_Driver/src/stm32f401re_usart.o
 .debug_ranges  0x0000000000000410       0xc0 ./App/Middle/GUI/GUI.o
 .debug_ranges  0x00000000000004d0       0x80 ./App/Middle/LCD/lcd.o
 .debug_ranges  0x0000000000000550       0x20 ./App/Middle/SPI/SPI.o
 .debug_ranges  0x0000000000000570       0x40 ./App/Middle/Utilities/buff.o
 .debug_ranges  0x00000000000005b0       0x38 ./App/Middle/Utilities/utilities.o
 .debug_ranges  0x00000000000005e8       0x30 ./App/Middle/button/button-v1-1.o
 .debug_ranges  0x0000000000000618       0x20 ./App/Middle/menu/menu.o
 .debug_ranges  0x0000000000000638      0x100 ./App/Middle/qr-code/qrcode.o
 .debug_ranges  0x0000000000000738       0x18 ./App/Middle/qr-code-to-lcd/qrcode-to-lcd.o
 .debug_ranges  0x0000000000000750       0x60 ./App/Middle/rtos/timer.o
 .debug_ranges  0x00000000000007b0       0x40 ./App/Middle/serial-uart/serial-uart.o
 .debug_ranges  0x00000000000007f0       0x18 ./App/SYSTEM/delay/delay.o
 .debug_ranges  0x0000000000000808       0x88 ./Src/main.o
 .debug_ranges  0x0000000000000890       0x20 ./Startup/startup_stm32f401retx.o

.debug_macro    0x0000000000000000     0xe715
 .debug_macro   0x0000000000000000       0xce ./App/Driver/CMSIS/Source/system_stm32f4xx.o
 .debug_macro   0x00000000000000ce      0xa84 ./App/Driver/CMSIS/Source/system_stm32f4xx.o
 .debug_macro   0x0000000000000b52       0x6b ./App/Driver/CMSIS/Source/system_stm32f4xx.o
 .debug_macro   0x0000000000000bbd       0x3b ./App/Driver/CMSIS/Source/system_stm32f4xx.o
 .debug_macro   0x0000000000000bf8       0x22 ./App/Driver/CMSIS/Source/system_stm32f4xx.o
 .debug_macro   0x0000000000000c1a       0x8e ./App/Driver/CMSIS/Source/system_stm32f4xx.o
 .debug_macro   0x0000000000000ca8       0x51 ./App/Driver/CMSIS/Source/system_stm32f4xx.o
 .debug_macro   0x0000000000000cf9      0x103 ./App/Driver/CMSIS/Source/system_stm32f4xx.o
 .debug_macro   0x0000000000000dfc       0x6a ./App/Driver/CMSIS/Source/system_stm32f4xx.o
 .debug_macro   0x0000000000000e66      0x1df ./App/Driver/CMSIS/Source/system_stm32f4xx.o
 .debug_macro   0x0000000000001045       0x34 ./App/Driver/CMSIS/Source/system_stm32f4xx.o
 .debug_macro   0x0000000000001079       0x26 ./App/Driver/CMSIS/Source/system_stm32f4xx.o
 .debug_macro   0x000000000000109f      0xe43 ./App/Driver/CMSIS/Source/system_stm32f4xx.o
 .debug_macro   0x0000000000001ee2     0x8018 ./App/Driver/CMSIS/Source/system_stm32f4xx.o
 .debug_macro   0x0000000000009efa       0xc0 ./App/Driver/STM32F401RE_StdPeriph_Driver/src/misc.o
 .debug_macro   0x0000000000009fba       0x7c ./App/Driver/STM32F401RE_StdPeriph_Driver/src/misc.o
 .debug_macro   0x000000000000a036       0xc3 ./App/Driver/STM32F401RE_StdPeriph_Driver/src/stm32f401re_gpio.o
 .debug_macro   0x000000000000a0f9      0x2ee ./App/Driver/STM32F401RE_StdPeriph_Driver/src/stm32f401re_gpio.o
 .debug_macro   0x000000000000a3e7      0x18d ./App/Driver/STM32F401RE_StdPeriph_Driver/src/stm32f401re_rcc.o
 .debug_macro   0x000000000000a574      0x644 ./App/Driver/STM32F401RE_StdPeriph_Driver/src/stm32f401re_rcc.o
 .debug_macro   0x000000000000abb8       0xef ./App/Driver/STM32F401RE_StdPeriph_Driver/src/stm32f401re_spi.o
 .debug_macro   0x000000000000aca7      0x366 ./App/Driver/STM32F401RE_StdPeriph_Driver/src/stm32f401re_spi.o
 .debug_macro   0x000000000000b00d       0xdb ./App/Driver/STM32F401RE_StdPeriph_Driver/src/stm32f401re_usart.o
 .debug_macro   0x000000000000b0e8      0x21d ./App/Driver/STM32F401RE_StdPeriph_Driver/src/stm32f401re_usart.o
 .debug_macro   0x000000000000b305      0x1de ./App/Middle/GUI/GUI.o
 .debug_macro   0x000000000000b4e3       0xf4 ./App/Middle/GUI/GUI.o
 .debug_macro   0x000000000000b5d7       0x1e ./App/Middle/GUI/GUI.o
 .debug_macro   0x000000000000b5f5       0x52 ./App/Middle/GUI/GUI.o
 .debug_macro   0x000000000000b647       0x3c ./App/Middle/GUI/GUI.o
 .debug_macro   0x000000000000b683       0x34 ./App/Middle/GUI/GUI.o
 .debug_macro   0x000000000000b6b7       0x16 ./App/Middle/GUI/GUI.o
 .debug_macro   0x000000000000b6cd      0x10e ./App/Middle/GUI/GUI.o
 .debug_macro   0x000000000000b7db       0x8d ./App/Middle/GUI/GUI.o
 .debug_macro   0x000000000000b868       0x16 ./App/Middle/GUI/GUI.o
 .debug_macro   0x000000000000b87e       0x43 ./App/Middle/GUI/GUI.o
 .debug_macro   0x000000000000b8c1       0x34 ./App/Middle/GUI/GUI.o
 .debug_macro   0x000000000000b8f5       0x10 ./App/Middle/GUI/GUI.o
 .debug_macro   0x000000000000b905       0x58 ./App/Middle/GUI/GUI.o
 .debug_macro   0x000000000000b95d       0x71 ./App/Middle/GUI/GUI.o
 .debug_macro   0x000000000000b9ce       0x1c ./App/Middle/GUI/GUI.o
 .debug_macro   0x000000000000b9ea      0x12a ./App/Middle/GUI/GUI.o
 .debug_macro   0x000000000000bb14      0x341 ./App/Middle/GUI/GUI.o
 .debug_macro   0x000000000000be55       0x16 ./App/Middle/GUI/GUI.o
 .debug_macro   0x000000000000be6b       0x29 ./App/Middle/GUI/GUI.o
 .debug_macro   0x000000000000be94      0x112 ./App/Middle/GUI/GUI.o
 .debug_macro   0x000000000000bfa6       0x16 ./App/Middle/GUI/GUI.o
 .debug_macro   0x000000000000bfbc       0x35 ./App/Middle/GUI/GUI.o
 .debug_macro   0x000000000000bff1       0x20 ./App/Middle/GUI/GUI.o
 .debug_macro   0x000000000000c011      0x1b3 ./App/Middle/LCD/lcd.o
 .debug_macro   0x000000000000c1c4       0x4c ./App/Middle/LCD/lcd.o
 .debug_macro   0x000000000000c210       0x94 ./App/Middle/LCD/lcd.o
 .debug_macro   0x000000000000c2a4       0x57 ./App/Middle/LCD/lcd.o
 .debug_macro   0x000000000000c2fb      0x2f4 ./App/Middle/LCD/lcd.o
 .debug_macro   0x000000000000c5ef       0x4c ./App/Middle/LCD/lcd.o
 .debug_macro   0x000000000000c63b      0x118 ./App/Middle/LCD/lcd.o
 .debug_macro   0x000000000000c753       0xde ./App/Middle/SPI/SPI.o
 .debug_macro   0x000000000000c831       0xfa ./App/Middle/SPI/SPI.o
 .debug_macro   0x000000000000c92b       0xc2 ./App/Middle/Utilities/buff.o
 .debug_macro   0x000000000000c9ed       0x16 ./App/Middle/Utilities/buff.o
 .debug_macro   0x000000000000ca03       0x16 ./App/Middle/Utilities/buff.o
 .debug_macro   0x000000000000ca19       0x72 ./App/Middle/Utilities/utilities.o
 .debug_macro   0x000000000000ca8b       0x10 ./App/Middle/Utilities/utilities.o
 .debug_macro   0x000000000000ca9b       0xf0 ./App/Middle/button/button-v1-1.o
 .debug_macro   0x000000000000cb8b       0xb6 ./App/Middle/button/button-v1-1.o
 .debug_macro   0x000000000000cc41      0x10d ./App/Middle/button/button-v1-1.o
 .debug_macro   0x000000000000cd4e       0x22 ./App/Middle/button/button-v1-1.o
 .debug_macro   0x000000000000cd70       0x82 ./App/Middle/button/button-v1-1.o
 .debug_macro   0x000000000000cdf2      0x13c ./App/Middle/button/button-v1-1.o
 .debug_macro   0x000000000000cf2e      0x214 ./App/Middle/menu/menu.o
 .debug_macro   0x000000000000d142      0x136 ./App/Middle/menu/menu.o
 .debug_macro   0x000000000000d278      0x18f ./App/Middle/qr-code/qrcode.o
 .debug_macro   0x000000000000d407       0x34 ./App/Middle/qr-code/qrcode.o
 .debug_macro   0x000000000000d43b      0x2b2 ./App/Middle/qr-code-to-lcd/qrcode-to-lcd.o
 .debug_macro   0x000000000000d6ed       0x22 ./App/Middle/qr-code-to-lcd/qrcode-to-lcd.o
 .debug_macro   0x000000000000d70f       0x1c ./App/Middle/qr-code-to-lcd/qrcode-to-lcd.o
 .debug_macro   0x000000000000d72b       0x10 ./App/Middle/qr-code-to-lcd/qrcode-to-lcd.o
 .debug_macro   0x000000000000d73b       0x10 ./App/Middle/qr-code-to-lcd/qrcode-to-lcd.o
 .debug_macro   0x000000000000d74b       0x1c ./App/Middle/qr-code-to-lcd/qrcode-to-lcd.o
 .debug_macro   0x000000000000d767       0x52 ./App/Middle/qr-code-to-lcd/qrcode-to-lcd.o
 .debug_macro   0x000000000000d7b9       0x22 ./App/Middle/qr-code-to-lcd/qrcode-to-lcd.o
 .debug_macro   0x000000000000d7db       0x10 ./App/Middle/qr-code-to-lcd/qrcode-to-lcd.o
 .debug_macro   0x000000000000d7eb       0x52 ./App/Middle/qr-code-to-lcd/qrcode-to-lcd.o
 .debug_macro   0x000000000000d83d       0xd5 ./App/Middle/qr-code-to-lcd/qrcode-to-lcd.o
 .debug_macro   0x000000000000d912       0x1c ./App/Middle/qr-code-to-lcd/qrcode-to-lcd.o
 .debug_macro   0x000000000000d92e       0x3d ./App/Middle/qr-code-to-lcd/qrcode-to-lcd.o
 .debug_macro   0x000000000000d96b       0x16 ./App/Middle/qr-code-to-lcd/qrcode-to-lcd.o
 .debug_macro   0x000000000000d981      0x145 ./App/Middle/qr-code-to-lcd/qrcode-to-lcd.o
 .debug_macro   0x000000000000dac6       0xe3 ./App/Middle/rtos/timer.o
 .debug_macro   0x000000000000dba9       0x1c ./App/Middle/rtos/timer.o
 .debug_macro   0x000000000000dbc5      0x2ba ./App/Middle/serial-uart/serial-uart.o
 .debug_macro   0x000000000000de7f       0x16 ./App/Middle/serial-uart/serial-uart.o
 .debug_macro   0x000000000000de95       0x97 ./App/Middle/serial-uart/serial-uart.o
 .debug_macro   0x000000000000df2c       0xfd ./App/Middle/serial-uart/serial-uart.o
 .debug_macro   0x000000000000e029      0x223 ./App/Middle/serial-uart/serial-uart.o
 .debug_macro   0x000000000000e24c       0x40 ./App/Middle/serial-uart/serial-uart.o
 .debug_macro   0x000000000000e28c       0xd6 ./App/SYSTEM/delay/delay.o
 .debug_macro   0x000000000000e362      0x369 ./Src/main.o
 .debug_macro   0x000000000000e6cb       0x3a ./Src/main.o
 .debug_macro   0x000000000000e705       0x10 ./Src/main.o

.debug_line     0x0000000000000000     0xc07e
 .debug_line    0x0000000000000000      0x56f ./App/Driver/CMSIS/Source/system_stm32f4xx.o
 .debug_line    0x000000000000056f      0x5dc ./App/Driver/STM32F401RE_StdPeriph_Driver/src/misc.o
 .debug_line    0x0000000000000b4b      0x816 ./App/Driver/STM32F401RE_StdPeriph_Driver/src/stm32f401re_gpio.o
 .debug_line    0x0000000000001361      0xcee ./App/Driver/STM32F401RE_StdPeriph_Driver/src/stm32f401re_rcc.o
 .debug_line    0x000000000000204f      0xa16 ./App/Driver/STM32F401RE_StdPeriph_Driver/src/stm32f401re_spi.o
 .debug_line    0x0000000000002a65      0xa43 ./App/Driver/STM32F401RE_StdPeriph_Driver/src/stm32f401re_usart.o
 .debug_line    0x00000000000034a8     0x1074 ./App/Middle/GUI/GUI.o
 .debug_line    0x000000000000451c      0xa41 ./App/Middle/LCD/lcd.o
 .debug_line    0x0000000000004f5d      0x5ff ./App/Middle/SPI/SPI.o
 .debug_line    0x000000000000555c      0x684 ./App/Middle/Utilities/buff.o
 .debug_line    0x0000000000005be0      0x518 ./App/Middle/Utilities/utilities.o
 .debug_line    0x00000000000060f8      0xc1b ./App/Middle/button/button-v1-1.o
 .debug_line    0x0000000000006d13      0x9ee ./App/Middle/menu/menu.o
 .debug_line    0x0000000000007701     0x14c6 ./App/Middle/qr-code/qrcode.o
 .debug_line    0x0000000000008bc7      0x9e8 ./App/Middle/qr-code-to-lcd/qrcode-to-lcd.o
 .debug_line    0x00000000000095af      0x83c ./App/Middle/rtos/timer.o
 .debug_line    0x0000000000009deb      0x9c0 ./App/Middle/serial-uart/serial-uart.o
 .debug_line    0x000000000000a7ab      0x5ca ./App/SYSTEM/delay/delay.o
 .debug_line    0x000000000000ad75     0x1285 ./Src/main.o
 .debug_line    0x000000000000bffa       0x84 ./Startup/startup_stm32f401retx.o

.debug_str      0x0000000000000000    0x47523
 .debug_str     0x0000000000000000    0x356ae ./App/Driver/CMSIS/Source/system_stm32f4xx.o
                                      0x35837 (size before relaxing)
 .debug_str     0x00000000000356ae      0x6ac ./App/Driver/STM32F401RE_StdPeriph_Driver/src/misc.o
                                      0x35cfb (size before relaxing)
 .debug_str     0x0000000000035d5a     0x5063 ./App/Driver/STM32F401RE_StdPeriph_Driver/src/stm32f401re_gpio.o
                                      0x3a6a0 (size before relaxing)
 .debug_str     0x000000000003adbd      0xbad ./App/Driver/STM32F401RE_StdPeriph_Driver/src/stm32f401re_rcc.o
                                      0x39a8a (size before relaxing)
 .debug_str     0x000000000003b96a     0x1fc2 ./App/Driver/STM32F401RE_StdPeriph_Driver/src/stm32f401re_spi.o
                                      0x3af23 (size before relaxing)
 .debug_str     0x000000000003d92c     0x198d ./App/Driver/STM32F401RE_StdPeriph_Driver/src/stm32f401re_usart.o
                                      0x3a7c7 (size before relaxing)
 .debug_str     0x000000000003f2b9     0x3d2c ./App/Middle/GUI/GUI.o
                                      0x393a1 (size before relaxing)
 .debug_str     0x0000000000042fe5      0x261 ./App/Middle/LCD/lcd.o
                                      0x3e2ef (size before relaxing)
 .debug_str     0x0000000000043246       0x40 ./App/Middle/SPI/SPI.o
                                      0x3c98a (size before relaxing)
 .debug_str     0x0000000000043286      0x16d ./App/Middle/Utilities/buff.o
                                      0x35736 (size before relaxing)
 .debug_str     0x00000000000433f3       0xbc ./App/Middle/Utilities/utilities.o
                                       0x3d34 (size before relaxing)
 .debug_str     0x00000000000434af     0x1ac5 ./App/Middle/button/button-v1-1.o
                                      0x3c484 (size before relaxing)
 .debug_str     0x0000000000044f74      0x126 ./App/Middle/menu/menu.o
                                      0x3fc7f (size before relaxing)
 .debug_str     0x000000000004509a      0x58b ./App/Middle/qr-code/qrcode.o
                                       0x7476 (size before relaxing)
 .debug_str     0x0000000000045625     0x1105 ./App/Middle/qr-code-to-lcd/qrcode-to-lcd.o
                                      0x3a2ba (size before relaxing)
 .debug_str     0x000000000004672a      0x51e ./App/Middle/rtos/timer.o
                                      0x3947b (size before relaxing)
 .debug_str     0x0000000000046c48      0x391 ./App/Middle/serial-uart/serial-uart.o
                                      0x409ba (size before relaxing)
 .debug_str     0x0000000000046fd9       0x1c ./App/SYSTEM/delay/delay.o
                                      0x36096 (size before relaxing)
 .debug_str     0x0000000000046ff5      0x4fd ./Src/main.o
                                      0x42964 (size before relaxing)
 .debug_str     0x00000000000474f2       0x31 ./Startup/startup_stm32f401retx.o
                                         0x7d (size before relaxing)

.comment        0x0000000000000000       0x50
 .comment       0x0000000000000000       0x50 ./App/Driver/CMSIS/Source/system_stm32f4xx.o
                                         0x51 (size before relaxing)
 .comment       0x0000000000000050       0x51 ./App/Driver/STM32F401RE_StdPeriph_Driver/src/misc.o
 .comment       0x0000000000000050       0x51 ./App/Driver/STM32F401RE_StdPeriph_Driver/src/stm32f401re_gpio.o
 .comment       0x0000000000000050       0x51 ./App/Driver/STM32F401RE_StdPeriph_Driver/src/stm32f401re_rcc.o
 .comment       0x0000000000000050       0x51 ./App/Driver/STM32F401RE_StdPeriph_Driver/src/stm32f401re_spi.o
 .comment       0x0000000000000050       0x51 ./App/Driver/STM32F401RE_StdPeriph_Driver/src/stm32f401re_usart.o
 .comment       0x0000000000000050       0x51 ./App/Middle/GUI/GUI.o
 .comment       0x0000000000000050       0x51 ./App/Middle/LCD/lcd.o
 .comment       0x0000000000000050       0x51 ./App/Middle/SPI/SPI.o
 .comment       0x0000000000000050       0x51 ./App/Middle/Utilities/buff.o
 .comment       0x0000000000000050       0x51 ./App/Middle/Utilities/utilities.o
 .comment       0x0000000000000050       0x51 ./App/Middle/button/button-v1-1.o
 .comment       0x0000000000000050       0x51 ./App/Middle/menu/menu.o
 .comment       0x0000000000000050       0x51 ./App/Middle/qr-code/qrcode.o
 .comment       0x0000000000000050       0x51 ./App/Middle/qr-code-to-lcd/qrcode-to-lcd.o
 .comment       0x0000000000000050       0x51 ./App/Middle/rtos/timer.o
 .comment       0x0000000000000050       0x51 ./App/Middle/serial-uart/serial-uart.o
 .comment       0x0000000000000050       0x51 ./App/SYSTEM/delay/delay.o
 .comment       0x0000000000000050       0x51 ./Src/main.o

.debug_frame    0x0000000000000000     0x28bc
 .debug_frame   0x0000000000000000       0x74 ./App/Driver/CMSIS/Source/system_stm32f4xx.o
 .debug_frame   0x0000000000000074       0xd8 ./App/Driver/STM32F401RE_StdPeriph_Driver/src/misc.o
 .debug_frame   0x000000000000014c      0x23c ./App/Driver/STM32F401RE_StdPeriph_Driver/src/stm32f401re_gpio.o
 .debug_frame   0x0000000000000388      0x774 ./App/Driver/STM32F401RE_StdPeriph_Driver/src/stm32f401re_rcc.o
 .debug_frame   0x0000000000000afc      0x3f4 ./App/Driver/STM32F401RE_StdPeriph_Driver/src/stm32f401re_spi.o
 .debug_frame   0x0000000000000ef0      0x490 ./App/Driver/STM32F401RE_StdPeriph_Driver/src/stm32f401re_usart.o
 .debug_frame   0x0000000000001380      0x3a0 ./App/Middle/GUI/GUI.o
 .debug_frame   0x0000000000001720      0x220 ./App/Middle/LCD/lcd.o
 .debug_frame   0x0000000000001940       0x84 ./App/Middle/SPI/SPI.o
 .debug_frame   0x00000000000019c4      0x118 ./App/Middle/Utilities/buff.o
 .debug_frame   0x0000000000001adc      0x100 ./App/Middle/Utilities/utilities.o
 .debug_frame   0x0000000000001bdc       0xd0 ./App/Middle/button/button-v1-1.o
 .debug_frame   0x0000000000001cac       0x84 ./App/Middle/menu/menu.o
 .debug_frame   0x0000000000001d30      0x4e8 ./App/Middle/qr-code/qrcode.o
 .debug_frame   0x0000000000002218       0x68 ./App/Middle/qr-code-to-lcd/qrcode-to-lcd.o
 .debug_frame   0x0000000000002280      0x1a8 ./App/Middle/rtos/timer.o
 .debug_frame   0x0000000000002428      0x100 ./App/Middle/serial-uart/serial-uart.o
 .debug_frame   0x0000000000002528       0x5c ./App/SYSTEM/delay/delay.o
 .debug_frame   0x0000000000002584      0x25c ./Src/main.o
 .debug_frame   0x00000000000027e0       0x2c c:/st/stm32cubeide_1.10.1/stm32cubeide/plugins/com.st.stm32cube.ide.mcu.externaltools.gnu-tools-for-stm32.10.3-2021.10.win32_1.0.0.202111181127/tools/bin/../lib/gcc/arm-none-eabi/10.3.1/../../../../arm-none-eabi/lib/thumb/v7e-m+fp/hard\libc_nano.a(lib_a-init.o)
 .debug_frame   0x000000000000280c       0x28 c:/st/stm32cubeide_1.10.1/stm32cubeide/plugins/com.st.stm32cube.ide.mcu.externaltools.gnu-tools-for-stm32.10.3-2021.10.win32_1.0.0.202111181127/tools/bin/../lib/gcc/arm-none-eabi/10.3.1/../../../../arm-none-eabi/lib/thumb/v7e-m+fp/hard\libc_nano.a(lib_a-memcpy-stub.o)
 .debug_frame   0x0000000000002834       0x20 c:/st/stm32cubeide_1.10.1/stm32cubeide/plugins/com.st.stm32cube.ide.mcu.externaltools.gnu-tools-for-stm32.10.3-2021.10.win32_1.0.0.202111181127/tools/bin/../lib/gcc/arm-none-eabi/10.3.1/../../../../arm-none-eabi/lib/thumb/v7e-m+fp/hard\libc_nano.a(lib_a-memset.o)
 .debug_frame   0x0000000000002854       0x28 c:/st/stm32cubeide_1.10.1/stm32cubeide/plugins/com.st.stm32cube.ide.mcu.externaltools.gnu-tools-for-stm32.10.3-2021.10.win32_1.0.0.202111181127/tools/bin/../lib/gcc/arm-none-eabi/10.3.1/../../../../arm-none-eabi/lib/thumb/v7e-m+fp/hard\libc_nano.a(lib_a-strcat.o)
 .debug_frame   0x000000000000287c       0x20 c:/st/stm32cubeide_1.10.1/stm32cubeide/plugins/com.st.stm32cube.ide.mcu.externaltools.gnu-tools-for-stm32.10.3-2021.10.win32_1.0.0.202111181127/tools/bin/../lib/gcc/arm-none-eabi/10.3.1/../../../../arm-none-eabi/lib/thumb/v7e-m+fp/hard\libc_nano.a(lib_a-strcmp.o)
 .debug_frame   0x000000000000289c       0x20 c:/st/stm32cubeide_1.10.1/stm32cubeide/plugins/com.st.stm32cube.ide.mcu.externaltools.gnu-tools-for-stm32.10.3-2021.10.win32_1.0.0.202111181127/tools/bin/../lib/gcc/arm-none-eabi/10.3.1/../../../../arm-none-eabi/lib/thumb/v7e-m+fp/hard\libc_nano.a(lib_a-strcpy.o)
