../App/Middle/serial-uart/serial-uart.c:66:6:resetBuffer	16	static
../App/Middle/serial-uart/serial-uart.c:80:6:processSerialUartReceiver	8	static
../App/Middle/serial-uart/serial-uart.c:110:21:PollRxBuff	16	static
../App/Middle/serial-uart/serial-uart.c:229:1:SerialHandleEventCallback	16	static
../App/Middle/serial-uart/serial-uart.c:246:13:usartInit	40	static
../App/Middle/serial-uart/serial-uart.c:295:6:serialUartInit	8	static
../App/Middle/serial-uart/serial-uart.c:310:6:USART6_IRQHandler	16	static
